// Jest Snapshot v1, https://goo.gl/fbAQLP

exports[`ToolBox should render correctly whithout props 1`] = `
<div
  className="ToolBox"
>
  <h3>
    Máquinas
  </h3>
  <table>
    <tbody>
      <tr>
        <td>
          <Connect(ButtonToolBox)
            nombre="starter"
            seleccionado={false}
            src="starter.PNG"
          />
        </td>
        <td>
          <Connect(ButtonToolBox)
            nombre="crafter"
            seleccionado={false}
            src="crafter.PNG"
          />
        </td>
      </tr>
      <tr>
        <td>
          <Connect(ButtonToolBox)
            nombre="seller"
            seleccionado={false}
            src="seller.PNG"
          />
        </td>
        <td>
          <Connect(ButtonToolBox)
            nombre="furnace"
            seleccionado={false}
            src="furnace.PNG"
          />
        </td>
      </tr>
      <tr>
        <td>
          <Connect(ButtonToolBox)
            nombre="transporter"
            seleccionado={false}
            src="transporter.PNG"
          />
        </td>
      </tr>
    </tbody>
  </table>
  <h3>
    Edición
  </h3>
  <table>
    <tbody>
      <tr>
        <td>
          <Connect(EditionButton)
            nombre="delete"
            seleccionado={false}
            src="delete.PNG"
            type="DELETE"
          />
        </td>
        <td>
          <Connect(EditionButton)
            nombre="move"
            seleccionado={false}
            src="move.PNG"
            type="MOVE"
          />
        </td>
      </tr>
      <tr>
        <td>
          <Connect(EditionButton)
            nombre="rotate"
            seleccionado={false}
            src="rotate.PNG"
            type="ROTATE"
          />
        </td>
      </tr>
    </tbody>
  </table>
</div>
`;
