// Jest Snapshot v1, https://goo.gl/fbAQLP

exports[`ToolBox should render correctly whithout props 1`] = `
<div
  className="ToolBox"
>
  <h3>
    Máquinas
  </h3>
  <table>
    <tbody>
      <tr>
        <td>
          <Connect(ButtonToolBox)
            name="starter"
            price={400}
            seleccionado={false}
            src="starter.PNG"
          />
        </td>
        <td>
          <Connect(ButtonToolBox)
            name="crafter"
            price={500}
            seleccionado={false}
            src="crafter.PNG"
          />
        </td>
      </tr>
      <tr>
        <td>
          <Connect(ButtonToolBox)
            name="seller"
            price={300}
            seleccionado={false}
            src="seller.PNG"
          />
        </td>
        <td>
          <Connect(ButtonToolBox)
            name="furnace"
            price={200}
            seleccionado={false}
            src="furnace.PNG"
          />
        </td>
      </tr>
      <tr>
        <td>
          <Connect(ButtonToolBox)
            name="transporter"
            price={100}
            seleccionado={false}
            src="transporter.PNG"
          />
        </td>
      </tr>
    </tbody>
  </table>
  <h3>
    Edición
  </h3>
  <table>
    <tbody>
      <tr>
        <td>
          <Connect(EditionButton)
            machine="delete"
            seleccionado={false}
            src="delete.PNG"
            type="DELETE"
          />
        </td>
        <td>
          <Connect(EditionButton)
            machine="move"
            seleccionado={false}
            src="move.PNG"
            type="MOVE"
          />
        </td>
      </tr>
      <tr>
        <td>
          <Connect(EditionButton)
            machine="rotate"
            seleccionado={false}
            src="rotate.PNG"
            type="ROTATE"
          />
        </td>
      </tr>
    </tbody>
  </table>
</div>
`;
