// Jest Snapshot v1, https://goo.gl/fbAQLP

exports[`ToolBox should render correctly whithout props 1`] = `
<div
  className="Board"
>
  <Connect(Cell)
    id={1}
    key="1"
  />
  <Connect(Cell)
    id={2}
    key="2"
  />
  <Connect(Cell)
    id={3}
    key="3"
  />
  <Connect(Cell)
    id={4}
    key="4"
  />
  <Connect(Cell)
    id={5}
    key="5"
  />
  <Connect(Cell)
    id={6}
    key="6"
  />
  <Connect(Cell)
    id={7}
    key="7"
  />
  <Connect(Cell)
    id={8}
    key="8"
  />
  <Connect(Cell)
    id={9}
    key="9"
  />
  <Connect(Cell)
    id={10}
    key="10"
  />
  <Connect(Cell)
    id={11}
    key="11"
  />
  <Connect(Cell)
    id={12}
    key="12"
  />
  <Connect(Cell)
    id={13}
    key="13"
  />
  <Connect(Cell)
    id={14}
    key="14"
  />
  <Connect(Cell)
    id={15}
    key="15"
  />
  <Connect(Cell)
    id={16}
    key="16"
  />
  <Connect(Cell)
    id={17}
    key="17"
  />
  <Connect(Cell)
    id={18}
    key="18"
  />
  <Connect(Cell)
    id={19}
    key="19"
  />
  <Connect(Cell)
    id={20}
    key="20"
  />
  <Connect(Cell)
    id={21}
    key="21"
  />
  <Connect(Cell)
    id={22}
    key="22"
  />
  <Connect(Cell)
    id={23}
    key="23"
  />
  <Connect(Cell)
    id={24}
    key="24"
  />
  <Connect(Cell)
    id={25}
    key="25"
  />
  <Connect(Cell)
    id={26}
    key="26"
  />
  <Connect(Cell)
    id={27}
    key="27"
  />
  <Connect(Cell)
    id={28}
    key="28"
  />
  <Connect(Cell)
    id={29}
    key="29"
  />
  <Connect(Cell)
    id={30}
    key="30"
  />
  <Connect(Cell)
    id={31}
    key="31"
  />
  <Connect(Cell)
    id={32}
    key="32"
  />
  <Connect(Cell)
    id={33}
    key="33"
  />
  <Connect(Cell)
    id={34}
    key="34"
  />
  <Connect(Cell)
    id={35}
    key="35"
  />
  <Connect(Cell)
    id={36}
    key="36"
  />
  <Connect(Cell)
    id={37}
    key="37"
  />
  <Connect(Cell)
    id={38}
    key="38"
  />
  <Connect(Cell)
    id={39}
    key="39"
  />
  <Connect(Cell)
    id={40}
    key="40"
  />
  <Connect(Cell)
    id={41}
    key="41"
  />
  <Connect(Cell)
    id={42}
    key="42"
  />
  <Connect(Cell)
    id={43}
    key="43"
  />
  <Connect(Cell)
    id={44}
    key="44"
  />
  <Connect(Cell)
    id={45}
    key="45"
  />
  <Connect(Cell)
    id={46}
    key="46"
  />
  <Connect(Cell)
    id={47}
    key="47"
  />
  <Connect(Cell)
    id={48}
    key="48"
  />
  <Connect(Cell)
    id={49}
    key="49"
  />
  <Connect(Cell)
    id={50}
    key="50"
  />
  <Connect(Cell)
    id={51}
    key="51"
  />
  <Connect(Cell)
    id={52}
    key="52"
  />
  <Connect(Cell)
    id={53}
    key="53"
  />
  <Connect(Cell)
    id={54}
    key="54"
  />
  <Connect(Cell)
    id={55}
    key="55"
  />
  <Connect(Cell)
    id={56}
    key="56"
  />
  <Connect(Cell)
    id={57}
    key="57"
  />
  <Connect(Cell)
    id={58}
    key="58"
  />
  <Connect(Cell)
    id={59}
    key="59"
  />
  <Connect(Cell)
    id={60}
    key="60"
  />
  <Connect(Cell)
    id={61}
    key="61"
  />
  <Connect(Cell)
    id={62}
    key="62"
  />
  <Connect(Cell)
    id={63}
    key="63"
  />
  <Connect(Cell)
    id={64}
    key="64"
  />
  <Connect(Cell)
    id={65}
    key="65"
  />
  <Connect(Cell)
    id={66}
    key="66"
  />
  <Connect(Cell)
    id={67}
    key="67"
  />
  <Connect(Cell)
    id={68}
    key="68"
  />
  <Connect(Cell)
    id={69}
    key="69"
  />
  <Connect(Cell)
    id={70}
    key="70"
  />
  <Connect(Cell)
    id={71}
    key="71"
  />
  <Connect(Cell)
    id={72}
    key="72"
  />
  <Connect(Cell)
    id={73}
    key="73"
  />
  <Connect(Cell)
    id={74}
    key="74"
  />
  <Connect(Cell)
    id={75}
    key="75"
  />
  <Connect(Cell)
    id={76}
    key="76"
  />
  <Connect(Cell)
    id={77}
    key="77"
  />
  <Connect(Cell)
    id={78}
    key="78"
  />
  <Connect(Cell)
    id={79}
    key="79"
  />
  <Connect(Cell)
    id={80}
    key="80"
  />
  <Connect(Cell)
    id={81}
    key="81"
  />
  <Connect(Cell)
    id={82}
    key="82"
  />
  <Connect(Cell)
    id={83}
    key="83"
  />
  <Connect(Cell)
    id={84}
    key="84"
  />
  <Connect(Cell)
    id={85}
    key="85"
  />
  <Connect(Cell)
    id={86}
    key="86"
  />
  <Connect(Cell)
    id={87}
    key="87"
  />
  <Connect(Cell)
    id={88}
    key="88"
  />
  <Connect(Cell)
    id={89}
    key="89"
  />
  <Connect(Cell)
    id={90}
    key="90"
  />
  <Connect(Cell)
    id={91}
    key="91"
  />
  <Connect(Cell)
    id={92}
    key="92"
  />
  <Connect(Cell)
    id={93}
    key="93"
  />
  <Connect(Cell)
    id={94}
    key="94"
  />
  <Connect(Cell)
    id={95}
    key="95"
  />
  <Connect(Cell)
    id={96}
    key="96"
  />
  <Connect(Cell)
    id={97}
    key="97"
  />
  <Connect(Cell)
    id={98}
    key="98"
  />
  <Connect(Cell)
    id={99}
    key="99"
  />
  <Connect(Cell)
    id={100}
    key="100"
  />
</div>
`;
